// Jest Snapshot v1, https://goo.gl/fbAQLP

exports[`renders correctly 1`] = `
<View
  collapsable={false}
  style={
    Object {
      "backgroundColor": "#fff",
      "borderRadius": 16,
      "height": 343,
      "left": 391,
      "overflow": "hidden",
      "position": "absolute",
      "top": NaN,
      "width": 343,
      "zIndex": 1,
    }
  }
>
  <View
    accessible={true}
    collapsable={false}
    focusable={true}
    onClick={[Function]}
    onResponderGrant={[Function]}
    onResponderMove={[Function]}
    onResponderRelease={[Function]}
    onResponderTerminate={[Function]}
    onResponderTerminationRequest={[Function]}
    onStartShouldSetResponder={[Function]}
    style={
      Object {
        "opacity": 1,
        "position": "absolute",
        "right": 16,
        "top": 16,
        "zIndex": 2,
      }
    }
  >
    <Image
      source={
        Object {
          "testUri": "../../../src/assets/close2.png",
        }
      }
      style={
        Array [
          Object {
            "height": 32,
            "width": 32,
          },
        ]
      }
    />
  </View>
  <View
    style={
      Array [
        Object {
          "height": 1334,
          "paddingBottom": 16,
          "paddingLeft": 16,
          "paddingRight": 16,
          "paddingTop": 64,
          "width": 750,
        },
      ]
    }
  >
    <Image
      style={
        Array [
          Object {
            "height": 256,
            "position": "absolute",
            "right": -64,
            "top": 0,
            "width": 256,
          },
        ]
      }
    />
    <Text
      style={
        Array [
          Object {
            "color": "black",
            "fontSize": 30,
          },
        ]
      }
    />
    <Text
      style={
        Array [
          Object {
            "color": "black",
            "fontSize": 96,
          },
        ]
      }
    >
      °
    </Text>
    <View
      style={
        Array [
          Object {
            "bottom": "15%",
            "height": "auto",
            "left": 16,
            "position": "absolute",
          },
        ]
      }
    >
      <View
        style={
          Array [
            Object {},
          ]
        }
      >
        <Text
          style={
            Array [
              Object {
                "fontSize": 17,
              },
            ]
          }
        >
          Today
        </Text>
        <RCTScrollView
          horizontal={true}
          style={
            Array [
              Object {
                "flexDirection": "row",
                "height": "15%",
                "top": 23,
              },
            ]
          }
        >
          <View>
            <View
              style={
                Array [
                  Object {
                    "marginRight": 50,
                  },
                ]
              }
            >
              <Text
                style={
                  Array [
                    Object {
                      "fontSize": 13,
                    },
                  ]
                }
              >
                10 AM
              </Text>
              <Image
                source={
                  Object {
                    "testUri": "../../../src/assets/rain.png",
                  }
                }
                style={
                  Array [
                    Object {
                      "height": 32,
                      "top": 13,
                      "width": 32,
                    },
                  ]
                }
              />
              <Text
                style={
                  Array [
                    Object {
                      "fontSize": 25,
                      "top": 23,
                    },
                  ]
                }
              >
                19°
              </Text>
            </View>
            <View
              style={
                Array [
                  Object {
                    "marginRight": 50,
                  },
                ]
              }
            >
              <Text
                style={
                  Array [
                    Object {
                      "fontSize": 13,
                    },
                  ]
                }
              >
                10 AM
              </Text>
              <Image
                source={
                  Object {
                    "testUri": "../../../src/assets/rain.png",
                  }
                }
                style={
                  Array [
                    Object {
                      "height": 32,
                      "top": 13,
                      "width": 32,
                    },
                  ]
                }
              />
              <Text
                style={
                  Array [
                    Object {
                      "fontSize": 25,
                      "top": 23,
                    },
                  ]
                }
              >
                19°
              </Text>
            </View>
            <View
              style={
                Array [
                  Object {
                    "marginRight": 50,
                  },
                ]
              }
            >
              <Text
                style={
                  Array [
                    Object {
                      "fontSize": 13,
                    },
                  ]
                }
              >
                10 AM
              </Text>
              <Image
                source={
                  Object {
                    "testUri": "../../../src/assets/rain.png",
                  }
                }
                style={
                  Array [
                    Object {
                      "height": 32,
                      "top": 13,
                      "width": 32,
                    },
                  ]
                }
              />
              <Text
                style={
                  Array [
                    Object {
                      "fontSize": 25,
                      "top": 23,
                    },
                  ]
                }
              >
                19°
              </Text>
            </View>
            <View
              style={
                Array [
                  Object {
                    "marginRight": 50,
                  },
                ]
              }
            >
              <Text
                style={
                  Array [
                    Object {
                      "fontSize": 13,
                    },
                  ]
                }
              >
                10 AM
              </Text>
              <Image
                source={
                  Object {
                    "testUri": "../../../src/assets/rain.png",
                  }
                }
                style={
                  Array [
                    Object {
                      "height": 32,
                      "top": 13,
                      "width": 32,
                    },
                  ]
                }
              />
              <Text
                style={
                  Array [
                    Object {
                      "fontSize": 25,
                      "top": 23,
                    },
                  ]
                }
              >
                19°
              </Text>
            </View>
            <View
              style={
                Array [
                  Object {
                    "marginRight": 50,
                  },
                ]
              }
            >
              <Text
                style={
                  Array [
                    Object {
                      "fontSize": 13,
                    },
                  ]
                }
              >
                10 AM
              </Text>
              <Image
                source={
                  Object {
                    "testUri": "../../../src/assets/rain.png",
                  }
                }
                style={
                  Array [
                    Object {
                      "height": 32,
                      "top": 13,
                      "width": 32,
                    },
                  ]
                }
              />
              <Text
                style={
                  Array [
                    Object {
                      "fontSize": 25,
                      "top": 23,
                    },
                  ]
                }
              >
                19°
              </Text>
            </View>
            <View
              style={
                Array [
                  Object {
                    "marginRight": 50,
                  },
                ]
              }
            >
              <Text
                style={
                  Array [
                    Object {
                      "fontSize": 13,
                    },
                  ]
                }
              >
                10 AM
              </Text>
              <Image
                source={
                  Object {
                    "testUri": "../../../src/assets/rain.png",
                  }
                }
                style={
                  Array [
                    Object {
                      "height": 32,
                      "top": 13,
                      "width": 32,
                    },
                  ]
                }
              />
              <Text
                style={
                  Array [
                    Object {
                      "fontSize": 25,
                      "top": 23,
                    },
                  ]
                }
              >
                19°
              </Text>
            </View>
            <View
              style={
                Array [
                  Object {
                    "marginRight": 50,
                  },
                ]
              }
            >
              <Text
                style={
                  Array [
                    Object {
                      "fontSize": 13,
                    },
                  ]
                }
              >
                10 AM
              </Text>
              <Image
                source={
                  Object {
                    "testUri": "../../../src/assets/rain.png",
                  }
                }
                style={
                  Array [
                    Object {
                      "height": 32,
                      "top": 13,
                      "width": 32,
                    },
                  ]
                }
              />
              <Text
                style={
                  Array [
                    Object {
                      "fontSize": 25,
                      "top": 23,
                    },
                  ]
                }
              >
                19°
              </Text>
            </View>
            <View
              style={
                Array [
                  Object {
                    "marginRight": 50,
                  },
                ]
              }
            >
              <Text
                style={
                  Array [
                    Object {
                      "fontSize": 13,
                    },
                  ]
                }
              >
                10 AM
              </Text>
              <Image
                source={
                  Object {
                    "testUri": "../../../src/assets/rain.png",
                  }
                }
                style={
                  Array [
                    Object {
                      "height": 32,
                      "top": 13,
                      "width": 32,
                    },
                  ]
                }
              />
              <Text
                style={
                  Array [
                    Object {
                      "fontSize": 25,
                      "top": 23,
                    },
                  ]
                }
              >
                19°
              </Text>
            </View>
            <View
              style={
                Array [
                  Object {
                    "marginRight": 50,
                  },
                ]
              }
            >
              <Text
                style={
                  Array [
                    Object {
                      "fontSize": 13,
                    },
                  ]
                }
              >
                10 AM
              </Text>
              <Image
                source={
                  Object {
                    "testUri": "../../../src/assets/rain.png",
                  }
                }
                style={
                  Array [
                    Object {
                      "height": 32,
                      "top": 13,
                      "width": 32,
                    },
                  ]
                }
              />
              <Text
                style={
                  Array [
                    Object {
                      "fontSize": 25,
                      "top": 23,
                    },
                  ]
                }
              >
                19°
              </Text>
            </View>
            <View
              style={
                Array [
                  Object {
                    "marginRight": 50,
                  },
                ]
              }
            >
              <Text
                style={
                  Array [
                    Object {
                      "fontSize": 13,
                    },
                  ]
                }
              >
                10 AM
              </Text>
              <Image
                source={
                  Object {
                    "testUri": "../../../src/assets/rain.png",
                  }
                }
                style={
                  Array [
                    Object {
                      "height": 32,
                      "top": 13,
                      "width": 32,
                    },
                  ]
                }
              />
              <Text
                style={
                  Array [
                    Object {
                      "fontSize": 25,
                      "top": 23,
                    },
                  ]
                }
              >
                19°
              </Text>
            </View>
            <View
              style={
                Array [
                  Object {
                    "marginRight": 50,
                  },
                ]
              }
            >
              <Text
                style={
                  Array [
                    Object {
                      "fontSize": 13,
                    },
                  ]
                }
              >
                10 AM
              </Text>
              <Image
                source={
                  Object {
                    "testUri": "../../../src/assets/rain.png",
                  }
                }
                style={
                  Array [
                    Object {
                      "height": 32,
                      "top": 13,
                      "width": 32,
                    },
                  ]
                }
              />
              <Text
                style={
                  Array [
                    Object {
                      "fontSize": 25,
                      "top": 23,
                    },
                  ]
                }
              >
                19°
              </Text>
            </View>
            <View
              style={
                Array [
                  Object {
                    "marginRight": 50,
                  },
                ]
              }
            >
              <Text
                style={
                  Array [
                    Object {
                      "fontSize": 13,
                    },
                  ]
                }
              >
                10 AM
              </Text>
              <Image
                source={
                  Object {
                    "testUri": "../../../src/assets/rain.png",
                  }
                }
                style={
                  Array [
                    Object {
                      "height": 32,
                      "top": 13,
                      "width": 32,
                    },
                  ]
                }
              />
              <Text
                style={
                  Array [
                    Object {
                      "fontSize": 25,
                      "top": 23,
                    },
                  ]
                }
              >
                19°
              </Text>
            </View>
            <View
              style={
                Array [
                  Object {
                    "marginRight": 50,
                  },
                ]
              }
            >
              <Text
                style={
                  Array [
                    Object {
                      "fontSize": 13,
                    },
                  ]
                }
              >
                10 AM
              </Text>
              <Image
                source={
                  Object {
                    "testUri": "../../../src/assets/rain.png",
                  }
                }
                style={
                  Array [
                    Object {
                      "height": 32,
                      "top": 13,
                      "width": 32,
                    },
                  ]
                }
              />
              <Text
                style={
                  Array [
                    Object {
                      "fontSize": 25,
                      "top": 23,
                    },
                  ]
                }
              >
                19°
              </Text>
            </View>
            <View
              style={
                Array [
                  Object {
                    "marginRight": 50,
                  },
                ]
              }
            >
              <Text
                style={
                  Array [
                    Object {
                      "fontSize": 13,
                    },
                  ]
                }
              >
                10 AM
              </Text>
              <Image
                source={
                  Object {
                    "testUri": "../../../src/assets/rain.png",
                  }
                }
                style={
                  Array [
                    Object {
                      "height": 32,
                      "top": 13,
                      "width": 32,
                    },
                  ]
                }
              />
              <Text
                style={
                  Array [
                    Object {
                      "fontSize": 25,
                      "top": 23,
                    },
                  ]
                }
              >
                19°
              </Text>
            </View>
            <View
              style={
                Array [
                  Object {
                    "marginRight": 50,
                  },
                ]
              }
            >
              <Text
                style={
                  Array [
                    Object {
                      "fontSize": 13,
                    },
                  ]
                }
              >
                10 AM
              </Text>
              <Image
                source={
                  Object {
                    "testUri": "../../../src/assets/rain.png",
                  }
                }
                style={
                  Array [
                    Object {
                      "height": 32,
                      "top": 13,
                      "width": 32,
                    },
                  ]
                }
              />
              <Text
                style={
                  Array [
                    Object {
                      "fontSize": 25,
                      "top": 23,
                    },
                  ]
                }
              >
                19°
              </Text>
            </View>
            <View
              style={
                Array [
                  Object {
                    "marginRight": 50,
                  },
                ]
              }
            >
              <Text
                style={
                  Array [
                    Object {
                      "fontSize": 13,
                    },
                  ]
                }
              >
                10 AM
              </Text>
              <Image
                source={
                  Object {
                    "testUri": "../../../src/assets/rain.png",
                  }
                }
                style={
                  Array [
                    Object {
                      "height": 32,
                      "top": 13,
                      "width": 32,
                    },
                  ]
                }
              />
              <Text
                style={
                  Array [
                    Object {
                      "fontSize": 25,
                      "top": 23,
                    },
                  ]
                }
              >
                19°
              </Text>
            </View>
            <View
              style={
                Array [
                  Object {
                    "marginRight": 50,
                  },
                ]
              }
            >
              <Text
                style={
                  Array [
                    Object {
                      "fontSize": 13,
                    },
                  ]
                }
              >
                10 AM
              </Text>
              <Image
                source={
                  Object {
                    "testUri": "../../../src/assets/rain.png",
                  }
                }
                style={
                  Array [
                    Object {
                      "height": 32,
                      "top": 13,
                      "width": 32,
                    },
                  ]
                }
              />
              <Text
                style={
                  Array [
                    Object {
                      "fontSize": 25,
                      "top": 23,
                    },
                  ]
                }
              >
                19°
              </Text>
            </View>
            <View
              style={
                Array [
                  Object {
                    "marginRight": 50,
                  },
                ]
              }
            >
              <Text
                style={
                  Array [
                    Object {
                      "fontSize": 13,
                    },
                  ]
                }
              >
                10 AM
              </Text>
              <Image
                source={
                  Object {
                    "testUri": "../../../src/assets/rain.png",
                  }
                }
                style={
                  Array [
                    Object {
                      "height": 32,
                      "top": 13,
                      "width": 32,
                    },
                  ]
                }
              />
              <Text
                style={
                  Array [
                    Object {
                      "fontSize": 25,
                      "top": 23,
                    },
                  ]
                }
              >
                19°
              </Text>
            </View>
            <View
              style={
                Array [
                  Object {
                    "marginRight": 50,
                  },
                ]
              }
            >
              <Text
                style={
                  Array [
                    Object {
                      "fontSize": 13,
                    },
                  ]
                }
              >
                10 AM
              </Text>
              <Image
                source={
                  Object {
                    "testUri": "../../../src/assets/rain.png",
                  }
                }
                style={
                  Array [
                    Object {
                      "height": 32,
                      "top": 13,
                      "width": 32,
                    },
                  ]
                }
              />
              <Text
                style={
                  Array [
                    Object {
                      "fontSize": 25,
                      "top": 23,
                    },
                  ]
                }
              >
                19°
              </Text>
            </View>
            <View
              style={
                Array [
                  Object {
                    "marginRight": 50,
                  },
                ]
              }
            >
              <Text
                style={
                  Array [
                    Object {
                      "fontSize": 13,
                    },
                  ]
                }
              >
                10 AM
              </Text>
              <Image
                source={
                  Object {
                    "testUri": "../../../src/assets/rain.png",
                  }
                }
                style={
                  Array [
                    Object {
                      "height": 32,
                      "top": 13,
                      "width": 32,
                    },
                  ]
                }
              />
              <Text
                style={
                  Array [
                    Object {
                      "fontSize": 25,
                      "top": 23,
                    },
                  ]
                }
              >
                19°
              </Text>
            </View>
            <View
              style={
                Array [
                  Object {
                    "marginRight": 50,
                  },
                ]
              }
            >
              <Text
                style={
                  Array [
                    Object {
                      "fontSize": 13,
                    },
                  ]
                }
              >
                10 AM
              </Text>
              <Image
                source={
                  Object {
                    "testUri": "../../../src/assets/rain.png",
                  }
                }
                style={
                  Array [
                    Object {
                      "height": 32,
                      "top": 13,
                      "width": 32,
                    },
                  ]
                }
              />
              <Text
                style={
                  Array [
                    Object {
                      "fontSize": 25,
                      "top": 23,
                    },
                  ]
                }
              >
                19°
              </Text>
            </View>
            <View
              style={
                Array [
                  Object {
                    "marginRight": 50,
                  },
                ]
              }
            >
              <Text
                style={
                  Array [
                    Object {
                      "fontSize": 13,
                    },
                  ]
                }
              >
                10 AM
              </Text>
              <Image
                source={
                  Object {
                    "testUri": "../../../src/assets/rain.png",
                  }
                }
                style={
                  Array [
                    Object {
                      "height": 32,
                      "top": 13,
                      "width": 32,
                    },
                  ]
                }
              />
              <Text
                style={
                  Array [
                    Object {
                      "fontSize": 25,
                      "top": 23,
                    },
                  ]
                }
              >
                19°
              </Text>
            </View>
            <View
              style={
                Array [
                  Object {
                    "marginRight": 50,
                  },
                ]
              }
            >
              <Text
                style={
                  Array [
                    Object {
                      "fontSize": 13,
                    },
                  ]
                }
              >
                10 AM
              </Text>
              <Image
                source={
                  Object {
                    "testUri": "../../../src/assets/rain.png",
                  }
                }
                style={
                  Array [
                    Object {
                      "height": 32,
                      "top": 13,
                      "width": 32,
                    },
                  ]
                }
              />
              <Text
                style={
                  Array [
                    Object {
                      "fontSize": 25,
                      "top": 23,
                    },
                  ]
                }
              >
                19°
              </Text>
            </View>
            <View
              style={
                Array [
                  Object {
                    "marginRight": 50,
                  },
                ]
              }
            >
              <Text
                style={
                  Array [
                    Object {
                      "fontSize": 13,
                    },
                  ]
                }
              >
                10 AM
              </Text>
              <Image
                source={
                  Object {
                    "testUri": "../../../src/assets/rain.png",
                  }
                }
                style={
                  Array [
                    Object {
                      "height": 32,
                      "top": 13,
                      "width": 32,
                    },
                  ]
                }
              />
              <Text
                style={
                  Array [
                    Object {
                      "fontSize": 25,
                      "top": 23,
                    },
                  ]
                }
              >
                19°
              </Text>
            </View>
          </View>
        </RCTScrollView>
      </View>
      <View
        style={
          Array [
            Object {
              "top": 62,
            },
          ]
        }
      >
        <View
          style={
            Array [
              Object {
                "marginBottom": "6%",
              },
            ]
          }
        >
          <Text
            style={
              Array [
                Object {},
              ]
            }
          >
            Monday
          </Text>
          <Image
            source={
              Object {
                "testUri": "../../../src/assets/sunStorm.png",
              }
            }
            style={
              Array [
                Object {
                  "height": 32,
                  "left": "47%",
                  "position": "absolute",
                  "width": 32,
                },
              ]
            }
          />
          <Text
            style={
              Array [
                Object {
                  "fontSize": 17,
                  "left": "80%",
                  "position": "absolute",
                },
              ]
            }
          >
            32°
          </Text>
          <Text
            style={
              Array [
                Object {
                  "fontSize": 17,
                  "position": "absolute",
                  "right": "0%",
                },
              ]
            }
          >
            22°
          </Text>
        </View>
        <View
          style={
            Array [
              Object {
                "marginBottom": "6%",
              },
            ]
          }
        >
          <Text
            style={
              Array [
                Object {},
              ]
            }
          >
            Monday
          </Text>
          <Image
            source={
              Object {
                "testUri": "../../../src/assets/sunStorm.png",
              }
            }
            style={
              Array [
                Object {
                  "height": 32,
                  "left": "47%",
                  "position": "absolute",
                  "width": 32,
                },
              ]
            }
          />
          <Text
            style={
              Array [
                Object {
                  "fontSize": 17,
                  "left": "80%",
                  "position": "absolute",
                },
              ]
            }
          >
            32°
          </Text>
          <Text
            style={
              Array [
                Object {
                  "fontSize": 17,
                  "position": "absolute",
                  "right": "0%",
                },
              ]
            }
          >
            22°
          </Text>
        </View>
        <View
          style={
            Array [
              Object {
                "marginBottom": "6%",
              },
            ]
          }
        >
          <Text
            style={
              Array [
                Object {},
              ]
            }
          >
            Monday
          </Text>
          <Image
            source={
              Object {
                "testUri": "../../../src/assets/sunStorm.png",
              }
            }
            style={
              Array [
                Object {
                  "height": 32,
                  "left": "47%",
                  "position": "absolute",
                  "width": 32,
                },
              ]
            }
          />
          <Text
            style={
              Array [
                Object {
                  "fontSize": 17,
                  "left": "80%",
                  "position": "absolute",
                },
              ]
            }
          >
            32°
          </Text>
          <Text
            style={
              Array [
                Object {
                  "fontSize": 17,
                  "position": "absolute",
                  "right": "0%",
                },
              ]
            }
          >
            22°
          </Text>
        </View>
        <View
          style={
            Array [
              Object {
                "marginBottom": "6%",
              },
            ]
          }
        >
          <Text
            style={
              Array [
                Object {},
              ]
            }
          >
            Monday
          </Text>
          <Image
            source={
              Object {
                "testUri": "../../../src/assets/sunStorm.png",
              }
            }
            style={
              Array [
                Object {
                  "height": 32,
                  "left": "47%",
                  "position": "absolute",
                  "width": 32,
                },
              ]
            }
          />
          <Text
            style={
              Array [
                Object {
                  "fontSize": 17,
                  "left": "80%",
                  "position": "absolute",
                },
              ]
            }
          >
            32°
          </Text>
          <Text
            style={
              Array [
                Object {
                  "fontSize": 17,
                  "position": "absolute",
                  "right": "0%",
                },
              ]
            }
          >
            22°
          </Text>
        </View>
        <View
          style={
            Array [
              Object {
                "marginBottom": "6%",
              },
            ]
          }
        >
          <Text
            style={
              Array [
                Object {},
              ]
            }
          >
            Monday
          </Text>
          <Image
            source={
              Object {
                "testUri": "../../../src/assets/sunStorm.png",
              }
            }
            style={
              Array [
                Object {
                  "height": 32,
                  "left": "47%",
                  "position": "absolute",
                  "width": 32,
                },
              ]
            }
          />
          <Text
            style={
              Array [
                Object {
                  "fontSize": 17,
                  "left": "80%",
                  "position": "absolute",
                },
              ]
            }
          >
            32°
          </Text>
          <Text
            style={
              Array [
                Object {
                  "fontSize": 17,
                  "position": "absolute",
                  "right": "0%",
                },
              ]
            }
          >
            22°
          </Text>
        </View>
        <View
          style={
            Array [
              Object {
                "marginBottom": "6%",
              },
            ]
          }
        >
          <Text
            style={
              Array [
                Object {},
              ]
            }
          >
            Monday
          </Text>
          <Image
            source={
              Object {
                "testUri": "../../../src/assets/sunStorm.png",
              }
            }
            style={
              Array [
                Object {
                  "height": 32,
                  "left": "47%",
                  "position": "absolute",
                  "width": 32,
                },
              ]
            }
          />
          <Text
            style={
              Array [
                Object {
                  "fontSize": 17,
                  "left": "80%",
                  "position": "absolute",
                },
              ]
            }
          >
            32°
          </Text>
          <Text
            style={
              Array [
                Object {
                  "fontSize": 17,
                  "position": "absolute",
                  "right": "0%",
                },
              ]
            }
          >
            22°
          </Text>
        </View>
        <View
          style={
            Array [
              Object {
                "marginBottom": "6%",
              },
            ]
          }
        >
          <Text
            style={
              Array [
                Object {},
              ]
            }
          >
            Monday
          </Text>
          <Image
            source={
              Object {
                "testUri": "../../../src/assets/sunStorm.png",
              }
            }
            style={
              Array [
                Object {
                  "height": 32,
                  "left": "47%",
                  "position": "absolute",
                  "width": 32,
                },
              ]
            }
          />
          <Text
            style={
              Array [
                Object {
                  "fontSize": 17,
                  "left": "80%",
                  "position": "absolute",
                },
              ]
            }
          >
            32°
          </Text>
          <Text
            style={
              Array [
                Object {
                  "fontSize": 17,
                  "position": "absolute",
                  "right": "0%",
                },
              ]
            }
          >
            22°
          </Text>
        </View>
      </View>
    </View>
  </View>
</View>
`;
