// Jest Snapshot v1, https://goo.gl/fbAQLP

exports[`renders correctly 1`] = `
<View
  collapsable={false}
  style={
    Object {
      "backgroundColor": "#fff",
      "borderRadius": 16,
      "height": 343,
      "left": 391,
      "overflow": "hidden",
      "position": "absolute",
      "top": NaN,
      "width": 343,
      "zIndex": 1,
    }
  }
>
  <Image
    source={
      Object {
        "testUri": "../../../src/assets/design.png",
      }
    }
    style={
      Array [
        Object {
          "left": 0,
          "position": "absolute",
          "top": -230,
          "width": 750,
        },
      ]
    }
  />
  <View
    accessible={true}
    collapsable={false}
    focusable={true}
    onClick={[Function]}
    onResponderGrant={[Function]}
    onResponderMove={[Function]}
    onResponderRelease={[Function]}
    onResponderTerminate={[Function]}
    onResponderTerminationRequest={[Function]}
    onStartShouldSetResponder={[Function]}
    style={
      Object {
        "backgroundColor": "#000",
        "height": 20,
        "left": 0,
        "opacity": 1,
        "position": "absolute",
        "top": 0,
        "width": 20,
        "zIndex": 2,
      }
    }
  />
  <View
    style={
      Array [
        Object {
          "height": 1334,
          "paddingBottom": 16,
          "paddingLeft": 16,
          "paddingRight": 16,
          "paddingTop": 64,
          "width": 750,
        },
      ]
    }
  >
    <Image
      style={
        Array [
          Object {
            "height": 256,
            "position": "absolute",
            "right": -64,
            "top": 0,
            "width": 256,
          },
        ]
      }
    />
    <Text
      style={
        Array [
          Object {
            "color": "black",
            "fontSize": 30,
          },
        ]
      }
    />
    <Text
      style={
        Array [
          Object {
            "color": "black",
            "fontSize": 96,
          },
        ]
      }
    >
      °
    </Text>
    <View
      style={
        Array [
          Object {
            "top": 47,
          },
        ]
      }
    >
      <View
        style={
          Array [
            Object {},
          ]
        }
      >
        <Text
          style={
            Array [
              Object {
                "fontSize": 17,
              },
            ]
          }
        >
          Today
        </Text>
      </View>
    </View>
  </View>
</View>
`;
